// Jest Snapshot v1, https://goo.gl/fbAQLP

exports[`test createPathMarkers 1`] = `
Array [
  Object {
    "angle": -97.30808486223859,
    "color": Array [
      0,
      0,
      0,
      255,
    ],
    "object": Object {
      "direction": Object {
        "backward": false,
        "forward": true,
      },
      "path": Array [
        Array [
          -122.419385,
          37.775412,
        ],
        Array [
          -122.4196034,
          37.7753836,
        ],
        Array [
          -122.419815,
          37.775356,
        ],
        Array [
          -122.4199019,
          37.7753448,
        ],
        Array [
          -122.420337,
          37.775289,
        ],
        Array [
          -122.420432,
          37.7752776,
        ],
      ],
    },
    "position": Array [
      -122.41990839434719,
      37.77534396712348,
      0,
    ],
  },
  Object {
    "angle": -12.766852083123982,
    "color": Array [
      0,
      0,
      0,
      255,
    ],
    "object": Object {
      "direction": Object {
        "backward": false,
        "forward": true,
      },
      "path": Array [
        Array [
          -122.419556,
          37.776966,
        ],
        Array [
          -122.419631,
          37.777297,
        ],
      ],
    },
    "position": Array [
      -122.41959349999999,
      37.777131499999996,
      0,
    ],
  },
  Object {
    "angle": 136.64059263100177,
    "color": Array [
      0,
      0,
      0,
      255,
    ],
    "object": Object {
      "direction": Object {
        "backward": false,
        "forward": true,
      },
      "path": Array [
        Array [
          -122.4232649,
          37.7715712,
        ],
        Array [
          -122.4231892,
          37.7714474,
        ],
        Array [
          -122.4230516,
          37.7712495,
        ],
        Array [
          -122.4229364,
          37.7711068,
        ],
        Array [
          -122.4228177,
          37.7709811,
        ],
        Array [
          -122.4226595,
          37.770835,
        ],
        Array [
          -122.4225099,
          37.7707146,
        ],
        Array [
          -122.4224446,
          37.7706699,
        ],
      ],
    },
    "position": Array [
      -122.42290555432264,
      37.77107413528523,
      0,
    ],
  },
  Object {
    "angle": 127.35649243207592,
    "color": Array [
      0,
      0,
      0,
      255,
    ],
    "object": Object {
      "direction": Object {
        "backward": false,
        "forward": true,
      },
      "path": Array [
        Array [
          -122.417263,
          37.7763419,
        ],
        Array [
          -122.417163,
          37.776264,
        ],
        Array [
          -122.4169496,
          37.7761011,
        ],
      ],
    },
    "position": Array [
      -122.41710667970543,
      37.77622100761018,
      0,
    ],
  },
]
`;
