// Jest Snapshot v1, https://goo.gl/fbAQLP

exports[`three clicks + pointer move tooltip contains area 1`] = `
Array [
  Object {
    "position": Array [
      0,
      0,
    ],
    "text": "49565599608.28 sq. m",
  },
]
`;
