// Vitest Snapshot v1

exports[`Selected polygon feature can be scaled 1`] = `
{
  "geometry": {
    "coordinates": [
      [
        [
          -0.5809507320924467,
          -0.5809702731526293,
        ],
        [
          1,
          -0.5809702731526291,
        ],
        [
          1,
          1,
        ],
        [
          -0.5809702731526158,
          1,
        ],
        [
          -0.5809507320924467,
          -0.5809702731526293,
        ],
      ],
      [
        [
          -0.1857336510214509,
          -0.18572770486447193,
        ],
        [
          -0.18574097865473504,
          0.6047574317118429,
        ],
        [
          0.6047530071150504,
          0.6047574317118425,
        ],
        [
          0.6047554496594785,
          -0.18572770486447193,
        ],
        [
          -0.1857336510214509,
          -0.18572770486447193,
        ],
      ],
    ],
    "type": "Polygon",
  },
  "properties": {},
  "type": "Feature",
}
`;
