// Jest Snapshot v1, https://goo.gl/fbAQLP

exports[`test generateCurveFromControlPoints 1`] = `
Object {
  "geometry": Object {
    "coordinates": Array [
      Array [
        -122.41988182067871,
        37.8014343052295,
      ],
      Array [
        -122.41985715431925,
        37.801475724545,
      ],
      Array [
        -122.4198329976012,
        37.80151902179406,
      ],
      Array [
        -122.41980930049003,
        37.801564012608736,
      ],
      Array [
        -122.41978601295123,
        37.80161051262117,
      ],
      Array [
        -122.41976308495022,
        37.80165833746338,
      ],
      Array [
        -122.41974046645252,
        37.801707302767504,
      ],
      Array [
        -122.41971810742356,
        37.80175722416558,
      ],
      Array [
        -122.41969595782884,
        37.8018079172897,
      ],
      Array [
        -122.41967396763383,
        37.80185919777198,
      ],
      Array [
        -122.41965208680396,
        37.801910881244474,
      ],
      Array [
        -122.41963026530469,
        37.80196278333927,
      ],
      Array [
        -122.41960845310155,
        37.80201471968846,
      ],
      Array [
        -122.41958660015999,
        37.80206650592411,
      ],
      Array [
        -122.41956465644546,
        37.802117957678334,
      ],
      Array [
        -122.41954257192343,
        37.80216889058318,
      ],
      Array [
        -122.41952029655936,
        37.80221912027076,
      ],
      Array [
        -122.41949778031874,
        37.80226846237314,
      ],
      Array [
        -122.41947497316703,
        37.802316732522414,
      ],
      Array [
        -122.41945182506966,
        37.80236374635065,
      ],
      Array [
        -122.41942828599221,
        37.802409319489946,
      ],
      Array [
        -122.41940430590003,
        37.80245326757239,
      ],
      Array [
        -122.4193798347586,
        37.80249540623004,
      ],
      Array [
        -122.41935482253346,
        37.80253555109499,
      ],
      Array [
        -122.41932921919002,
        37.80257351779934,
      ],
      Array [
        -122.41930297469379,
        37.802609121975166,
      ],
      Array [
        -122.41927603901021,
        37.80264217925455,
      ],
      Array [
        -122.41924836210475,
        37.80267250526956,
      ],
      Array [
        -122.41921989394287,
        37.8026999156523,
      ],
      Array [
        -122.41919058449007,
        37.80272422603484,
      ],
      Array [
        -122.4191603837118,
        37.802745252049284,
      ],
      Array [
        -122.41912924157351,
        37.80276280932769,
      ],
      Array [
        -122.4190971080407,
        37.80277671350214,
      ],
      Array [
        -122.4190639330788,
        37.80278678020474,
      ],
      Array [
        -122.41904497146605,
        37.802790657411244,
      ],
      Array [
        -122.41901000972386,
        37.80279401268719,
      ],
      Array [
        -122.41897382179135,
        37.80279260740665,
      ],
      Array [
        -122.41893646814607,
        37.802786683431094,
      ],
      Array [
        -122.41889800926566,
        37.802776482622036,
      ],
      Array [
        -122.41885850562758,
        37.80276224684095,
      ],
      Array [
        -122.41881801770954,
        37.80274421794934,
      ],
      Array [
        -122.41877660598905,
        37.80272263780869,
      ],
      Array [
        -122.4187343309437,
        37.8026977482805,
      ],
      Array [
        -122.41869125305111,
        37.80266979122625,
      ],
      Array [
        -122.4186474327888,
        37.80263900850743,
      ],
      Array [
        -122.4186029306344,
        37.80260564198556,
      ],
      Array [
        -122.41855780706545,
        37.80256993352211,
      ],
      Array [
        -122.41851212255956,
        37.80253212497857,
      ],
      Array [
        -122.41846593759433,
        37.80249245821643,
      ],
      Array [
        -122.41841931264727,
        37.802451175097204,
      ],
      Array [
        -122.41837230819606,
        37.80240851748236,
      ],
      Array [
        -122.4183249847182,
        37.8023647272334,
      ],
      Array [
        -122.41827740269127,
        37.80232004621181,
      ],
      Array [
        -122.41822962259292,
        37.802274716279086,
      ],
      Array [
        -122.41818170490068,
        37.802228979296714,
      ],
      Array [
        -122.41813371009214,
        37.80218307712621,
      ],
      Array [
        -122.41808569864489,
        37.80213725162904,
      ],
      Array [
        -122.41803773103652,
        37.802091744666704,
      ],
      Array [
        -122.41798986774458,
        37.802046798100704,
      ],
      Array [
        -122.41794216924666,
        37.80200265379251,
      ],
      Array [
        -122.41789469602033,
        37.80195955360362,
      ],
      Array [
        -122.4178475085432,
        37.801917739395556,
      ],
      Array [
        -122.41780066729288,
        37.80187745302976,
      ],
      Array [
        -122.41775423274687,
        37.801838936367766,
      ],
      Array [
        -122.41770826538279,
        37.80180243127104,
      ],
      Array [
        -122.41766282567824,
        37.80176817960109,
      ],
      Array [
        -122.41761797411077,
        37.801736423219396,
      ],
      Array [
        -122.41757377115798,
        37.80170740398746,
      ],
      Array [
        -122.41753027729746,
        37.80168136376677,
      ],
      Array [
        -122.41748755300677,
        37.80165854441882,
      ],
      Array [
        -122.41744565876347,
        37.80163918780509,
      ],
      Array [
        -122.41740465504519,
        37.80162353578708,
      ],
      Array [
        -122.4173646023295,
        37.80161183022629,
      ],
      Array [
        -122.41732556109396,
        37.80160431298421,
      ],
      Array [
        -122.41728759181616,
        37.801601225922326,
      ],
      Array [
        -122.4172507549737,
        37.80160281090213,
      ],
      Array [
        -122.41724252700804,
        37.801603850614384,
      ],
      Array [
        -122.41720693675963,
        37.80161067272053,
      ],
      Array [
        -122.417172100407,
        37.801620797280215,
      ],
      Array [
        -122.41713798820535,
        37.80163409399563,
      ],
      Array [
        -122.4171045704098,
        37.80165043256899,
      ],
      Array [
        -122.41707181727556,
        37.80166968270251,
      ],
      Array [
        -122.41703969905772,
        37.80169171409837,
      ],
      Array [
        -122.41700818601153,
        37.8017163964588,
      ],
      Array [
        -122.41697724839206,
        37.80174359948599,
      ],
      Array [
        -122.4169468564545,
        37.801773192882145,
      ],
      Array [
        -122.41691698045402,
        37.80180504634949,
      ],
      Array [
        -122.41688759064576,
        37.8018390295902,
      ],
      Array [
        -122.41685865728488,
        37.801875012306496,
      ],
      Array [
        -122.41683015062654,
        37.80191286420059,
      ],
      Array [
        -122.41680204092589,
        37.80195245497468,
      ],
      Array [
        -122.41677429843809,
        37.80199365433096,
      ],
      Array [
        -122.41674689341828,
        37.802036331971635,
      ],
      Array [
        -122.41671979612167,
        37.802080357598946,
      ],
      Array [
        -122.41669297680338,
        37.80212560091506,
      ],
      Array [
        -122.41666640571854,
        37.80217193162219,
      ],
      Array [
        -122.41664005312235,
        37.802219219422554,
      ],
      Array [
        -122.41661388926997,
        37.80226733401834,
      ],
      Array [
        -122.41658788441654,
        37.80231614511177,
      ],
      Array [
        -122.41656200881721,
        37.80236552240503,
      ],
      Array [
        -122.41653623272713,
        37.802415335600344,
      ],
      Array [
        -122.4165105264015,
        37.8024654543999,
      ],
      Array [
        -122.41648486009544,
        37.80251574850592,
      ],
      Array [
        -122.41645920406411,
        37.8025660876206,
      ],
      Array [
        -122.41643352856268,
        37.80261634144613,
      ],
      Array [
        -122.4164078038463,
        37.80266637968475,
      ],
      Array [
        -122.41638200017012,
        37.80271607203864,
      ],
      Array [
        -122.41635608778932,
        37.80276528821001,
      ],
      Array [
        -122.41633003695902,
        37.80281389790107,
      ],
      Array [
        -122.41630381793443,
        37.80286177081402,
      ],
      Array [
        -122.41627740097067,
        37.802908776651066,
      ],
      Array [
        -122.41625075632288,
        37.80295478511441,
      ],
      Array [
        -122.41622385424625,
        37.802999665906256,
      ],
      Array [
        -122.41619666499595,
        37.80304328872882,
      ],
      Array [
        -122.41616915882707,
        37.803085523284295,
      ],
      Array [
        -122.41614130599486,
        37.803126239274896,
      ],
      Array [
        -122.41612672805786,
        37.80314669573162,
      ],
    ],
    "type": "LineString",
  },
  "properties": Object {},
  "type": "Feature",
}
`;
